Java HotSpot(TM) 64-Bit Server VM (25.77-b03) for bsd-amd64 JRE (1.8.0_77-b03), built on Mar 20 2016 22:14:03 by "java_re" with gcc 4.2.1 (Based on Apple Inc. build 5658) (LLVM build 2336.11.00)
Memory: 4k page, physical 8388608k(452892k free)

/proc/meminfo:

CommandLine flags: -XX:InitialHeapSize=134217728 -XX:MaxHeapSize=536870912 -XX:MaxNewSize=178958336 -XX:MaxTenuringThreshold=6 -XX:OldPLABSize=16 -XX:+PrintGC -XX:+PrintGCDateStamps -XX:+PrintGCDetails -XX:+PrintGCTimeStamps -XX:+UseCompressedClassPointers -XX:+UseCompressedOops -XX:+UseConcMarkSweepGC -XX:+UseParNewGC 
2021-01-14T11:58:37.881-0800: 0.144: [GC (Allocation Failure) 2021-01-14T11:58:37.882-0800: 0.144: [ParNew: 34628K->4347K(39296K), 0.0063861 secs] 34628K->10055K(126720K), 0.0065169 secs] [Times: user=0.01 sys=0.01, real=0.00 secs] 
2021-01-14T11:58:37.906-0800: 0.168: [GC (Allocation Failure) 2021-01-14T11:58:37.906-0800: 0.168: [ParNew: 38853K->4352K(39296K), 0.0094405 secs] 44561K->23235K(126720K), 0.0095381 secs] [Times: user=0.02 sys=0.02, real=0.01 secs] 
2021-01-14T11:58:37.925-0800: 0.188: [GC (Allocation Failure) 2021-01-14T11:58:37.925-0800: 0.188: [ParNew: 39150K->4350K(39296K), 0.0098812 secs] 58033K->34545K(126720K), 0.0099768 secs] [Times: user=0.03 sys=0.01, real=0.01 secs] 
2021-01-14T11:58:37.945-0800: 0.207: [GC (Allocation Failure) 2021-01-14T11:58:37.945-0800: 0.207: [ParNew: 39287K->4347K(39296K), 0.0111449 secs] 69481K->44558K(126720K), 0.0112432 secs] [Times: user=0.01 sys=0.00, real=0.01 secs] 
2021-01-14T11:58:37.964-0800: 0.227: [GC (Allocation Failure) 2021-01-14T11:58:37.964-0800: 0.227: [ParNew: 39277K->4343K(39296K), 0.0097380 secs] 79488K->54956K(126720K), 0.0098329 secs] [Times: user=0.02 sys=0.01, real=0.01 secs] 
2021-01-14T11:58:37.974-0800: 0.237: [GC (CMS Initial Mark) [1 CMS-initial-mark: 50613K(87424K)] 55100K(126720K), 0.0012112 secs] [Times: user=0.00 sys=0.00, real=0.00 secs] 
2021-01-14T11:58:37.976-0800: 0.238: [CMS-concurrent-mark-start]
2021-01-14T11:58:37.983-0800: 0.246: [CMS-concurrent-mark: 0.007/0.007 secs] [Times: user=0.01 sys=0.00, real=0.01 secs] 
2021-01-14T11:58:37.983-0800: 0.246: [CMS-concurrent-preclean-start]
2021-01-14T11:58:37.983-0800: 0.246: [CMS-concurrent-preclean: 0.000/0.000 secs] [Times: user=0.00 sys=0.00, real=0.00 secs] 
2021-01-14T11:58:37.984-0800: 0.246: [CMS-concurrent-abortable-preclean-start]
2021-01-14T11:58:37.984-0800: 0.246: [GC (Allocation Failure) 2021-01-14T11:58:37.984-0800: 0.246: [ParNew: 38863K->4351K(39296K), 0.0099134 secs] 89476K->65617K(126720K), 0.0099875 secs] [Times: user=0.03 sys=0.01, real=0.01 secs] 
2021-01-14T11:58:38.001-0800: 0.263: [GC (Allocation Failure) 2021-01-14T11:58:38.001-0800: 0.263: [ParNew: 39211K->4350K(39296K), 0.0101057 secs] 100477K->76830K(126720K), 0.0101954 secs] [Times: user=0.03 sys=0.01, real=0.01 secs] 
2021-01-14T11:58:38.018-0800: 0.281: [GC (Allocation Failure) 2021-01-14T11:58:38.018-0800: 0.281: [ParNew: 39261K->4346K(39296K), 0.0116717 secs] 111741K->89399K(126720K), 0.0117855 secs] [Times: user=0.02 sys=0.00, real=0.02 secs] 
2021-01-14T11:58:38.038-0800: 0.300: [GC (Allocation Failure) 2021-01-14T11:58:38.038-0800: 0.300: [ParNew: 39278K->4340K(39296K), 0.0098844 secs] 124330K->100011K(135552K), 0.0099945 secs] [Times: user=0.02 sys=0.01, real=0.01 secs] 
2021-01-14T11:58:38.056-0800: 0.318: [GC (Allocation Failure) 2021-01-14T11:58:38.056-0800: 0.319: [ParNew: 38757K->4349K(39296K), 0.0090558 secs] 134427K->109694K(145196K), 0.0091847 secs] [Times: user=0.02 sys=0.01, real=0.01 secs] 
2021-01-14T11:58:38.072-0800: 0.335: [GC (Allocation Failure) 2021-01-14T11:58:38.072-0800: 0.335: [ParNew: 39217K->4342K(39296K), 0.0132854 secs] 144562K->123477K(158936K), 0.0133784 secs] [Times: user=0.03 sys=0.00, real=0.01 secs] 
2021-01-14T11:58:38.093-0800: 0.356: [GC (Allocation Failure) 2021-01-14T11:58:38.093-0800: 0.356: [ParNew: 39171K->4350K(39296K), 0.0112385 secs] 158306K->135421K(170884K), 0.0113383 secs] [Times: user=0.02 sys=0.01, real=0.01 secs] 
2021-01-14T11:58:38.112-0800: 0.374: [GC (Allocation Failure) 2021-01-14T11:58:38.112-0800: 0.374: [ParNew: 39194K->4342K(39296K), 0.0099962 secs] 170265K->146178K(181660K), 0.0101022 secs] [Times: user=0.02 sys=0.01, real=0.01 secs] 
2021-01-14T11:58:38.129-0800: 0.392: [GC (Allocation Failure) 2021-01-14T11:58:38.129-0800: 0.392: [ParNew: 38984K->4347K(39296K), 0.0127896 secs] 180819K->159778K(195252K), 0.0128818 secs] [Times: user=0.03 sys=0.01, real=0.02 secs] 
2021-01-14T11:58:38.150-0800: 0.412: [GC (Allocation Failure) 2021-01-14T11:58:38.150-0800: 0.412: [ParNew: 38773K->4333K(39296K), 0.0090142 secs] 194205K->169340K(204952K), 0.0090978 secs] [Times: user=0.03 sys=0.00, real=0.00 secs] 
2021-01-14T11:58:38.166-0800: 0.428: [GC (Allocation Failure) 2021-01-14T11:58:38.166-0800: 0.428: [ParNew: 39277K->4349K(39296K), 0.0122553 secs] 204284K->182793K(218316K), 0.0123734 secs] [Times: user=0.03 sys=0.01, real=0.01 secs] 
2021-01-14T11:58:38.186-0800: 0.449: [GC (Allocation Failure) 2021-01-14T11:58:38.186-0800: 0.449: [ParNew: 39293K->4351K(39296K), 0.0144361 secs] 217737K->199055K(234692K), 0.0145284 secs] [Times: user=0.03 sys=0.01, real=0.02 secs] 
2021-01-14T11:58:38.207-0800: 0.470: [GC (Allocation Failure) 2021-01-14T11:58:38.207-0800: 0.470: [ParNew: 39220K->4351K(39296K), 0.0112409 secs] 233924K->210154K(245808K), 0.0113829 secs] [Times: user=0.02 sys=0.01, real=0.01 secs] 
2021-01-14T11:58:38.226-0800: 0.489: [GC (Allocation Failure) 2021-01-14T11:58:38.226-0800: 0.489: [ParNew: 39295K->4332K(39296K), 0.0118072 secs] 245098K->222933K(258512K), 0.0118927 secs] [Times: user=0.03 sys=0.00, real=0.01 secs] 
2021-01-14T11:58:38.245-0800: 0.508: [GC (Allocation Failure) 2021-01-14T11:58:38.245-0800: 0.508: [ParNew: 39241K->4333K(39296K), 0.0070927 secs] 257842K->230136K(265736K), 0.0071765 secs] [Times: user=0.02 sys=0.01, real=0.01 secs] 
2021-01-14T11:58:38.260-0800: 0.522: [GC (Allocation Failure) 2021-01-14T11:58:38.260-0800: 0.522: [ParNew: 39266K->4350K(39296K), 0.0110512 secs] 265069K->242288K(277812K), 0.0111574 secs] [Times: user=0.03 sys=0.01, real=0.01 secs] 
2021-01-14T11:58:38.277-0800: 0.540: [GC (Allocation Failure) 2021-01-14T11:58:38.277-0800: 0.540: [ParNew: 39131K->4349K(39296K), 0.0105600 secs] 277070K->253797K(289404K), 0.0106422 secs] [Times: user=0.03 sys=0.00, real=0.01 secs] 
2021-01-14T11:58:38.294-0800: 0.557: [GC (Allocation Failure) 2021-01-14T11:58:38.295-0800: 0.557: [ParNew: 39293K->4348K(39296K), 0.0107854 secs] 288741K->265819K(301308K), 0.0108589 secs] [Times: user=0.03 sys=0.01, real=0.01 secs] 
2021-01-14T11:58:38.312-0800: 0.575: [GC (Allocation Failure) 2021-01-14T11:58:38.312-0800: 0.575: [ParNew: 39292K->4350K(39296K), 0.0118707 secs] 300763K->278288K(313856K), 0.0119533 secs] [Times: user=0.02 sys=0.01, real=0.01 secs] 
2021-01-14T11:58:38.331-0800: 0.594: [GC (Allocation Failure) 2021-01-14T11:58:38.331-0800: 0.594: [ParNew: 39240K->4339K(39296K), 0.0096071 secs] 313177K->288821K(324520K), 0.0096990 secs] [Times: user=0.02 sys=0.00, real=0.01 secs] 
2021-01-14T11:58:38.349-0800: 0.611: [GC (Allocation Failure) 2021-01-14T11:58:38.349-0800: 0.611: [ParNew: 39283K->4337K(39296K), 0.0115280 secs] 323765K->299738K(335368K), 0.0116482 secs] [Times: user=0.02 sys=0.01, real=0.02 secs] 
2021-01-14T11:58:38.368-0800: 0.631: [GC (Allocation Failure) 2021-01-14T11:58:38.368-0800: 0.631: [ParNew: 38985K->4343K(39296K), 0.0119942 secs] 334386K->311982K(347544K), 0.0120965 secs] [Times: user=0.03 sys=0.01, real=0.02 secs] 
2021-01-14T11:58:38.388-0800: 0.650: [GC (Allocation Failure) 2021-01-14T11:58:38.388-0800: 0.650: [ParNew: 39287K->4331K(39296K), 0.0154496 secs] 346926K->322434K(358028K), 0.0156548 secs] [Times: user=0.04 sys=0.01, real=0.02 secs] 
2021-01-14T11:58:38.410-0800: 0.672: [GC (Allocation Failure) 2021-01-14T11:58:38.410-0800: 0.672: [ParNew: 39217K->4345K(39296K), 0.0115015 secs] 357319K->334744K(370396K), 0.0115963 secs] [Times: user=0.04 sys=0.00, real=0.01 secs] 
2021-01-14T11:58:38.428-0800: 0.691: [GC (Allocation Failure) 2021-01-14T11:58:38.428-0800: 0.691: [ParNew: 39218K->4349K(39296K), 0.0128183 secs] 369617K->347168K(382892K), 0.0129128 secs] [Times: user=0.03 sys=0.01, real=0.02 secs] 
2021-01-14T11:58:38.442-0800: 0.705: [CMS-concurrent-abortable-preclean: 0.014/0.459 secs] [Times: user=0.83 sys=0.18, real=0.46 secs] 
2021-01-14T11:58:38.442-0800: 0.705: [GC (CMS Final Remark) [YG occupancy: 8366 K (39296 K)]2021-01-14T11:58:38.442-0800: 0.705: [Rescan (parallel) , 0.0005296 secs]2021-01-14T11:58:38.443-0800: 0.705: [weak refs processing, 0.0000222 secs]2021-01-14T11:58:38.443-0800: 0.705: [class unloading, 0.0002651 secs]2021-01-14T11:58:38.443-0800: 0.706: [scrub symbol table, 0.0003424 secs]2021-01-14T11:58:38.444-0800: 0.706: [scrub string table, 0.0001467 secs][1 CMS-remark: 342819K(343596K)] 351185K(382892K), 0.0014198 secs] [Times: user=0.01 sys=0.00, real=0.00 secs] 
2021-01-14T11:58:38.444-0800: 0.706: [CMS-concurrent-sweep-start]
2021-01-14T11:58:38.444-0800: 0.707: [CMS-concurrent-sweep: 0.001/0.001 secs] [Times: user=0.00 sys=0.00, real=0.00 secs] 
2021-01-14T11:58:38.445-0800: 0.707: [CMS-concurrent-reset-start]
2021-01-14T11:58:38.445-0800: 0.708: [CMS-concurrent-reset: 0.001/0.001 secs] [Times: user=0.00 sys=0.00, real=0.00 secs] 
2021-01-14T11:58:38.451-0800: 0.714: [GC (Allocation Failure) 2021-01-14T11:58:38.451-0800: 0.714: [ParNew: 39248K->39248K(39296K), 0.0000262 secs]2021-01-14T11:58:38.451-0800: 0.714: [CMS: 340470K->240847K(349568K), 0.0694103 secs] 379719K->240847K(388864K), [Metaspace: 2707K->2707K(1056768K)], 0.0697443 secs] [Times: user=0.06 sys=0.00, real=0.07 secs] 
2021-01-14T11:58:38.521-0800: 0.784: [GC (CMS Initial Mark) [1 CMS-initial-mark: 240847K(349568K)] 241340K(506816K), 0.0001553 secs] [Times: user=0.00 sys=0.00, real=0.00 secs] 
2021-01-14T11:58:38.521-0800: 0.784: [CMS-concurrent-mark-start]
2021-01-14T11:58:38.524-0800: 0.786: [CMS-concurrent-mark: 0.002/0.002 secs] [Times: user=0.01 sys=0.00, real=0.00 secs] 
2021-01-14T11:58:38.524-0800: 0.786: [CMS-concurrent-preclean-start]
2021-01-14T11:58:38.524-0800: 0.787: [CMS-concurrent-preclean: 0.001/0.001 secs] [Times: user=0.00 sys=0.00, real=0.00 secs] 
2021-01-14T11:58:38.524-0800: 0.787: [CMS-concurrent-abortable-preclean-start]
2021-01-14T11:58:38.597-0800: 0.859: [GC (Allocation Failure) 2021-01-14T11:58:38.597-0800: 0.860: [ParNew2021-01-14T11:58:38.628-0800: 0.891: [CMS-concurrent-abortable-preclean: 0.001/0.104 secs] [Times: user=0.08 sys=0.04, real=0.10 secs] 
: 139717K->17469K(157248K), 0.0320906 secs] 380564K->294772K(506816K), 0.0322033 secs] [Times: user=0.04 sys=0.01, real=0.03 secs] 
2021-01-14T11:58:38.630-0800: 0.892: [GC (CMS Final Remark) [YG occupancy: 20310 K (157248 K)]2021-01-14T11:58:38.630-0800: 0.892: [Rescan (parallel) , 0.0008308 secs]2021-01-14T11:58:38.631-0800: 0.893: [weak refs processing, 0.0000279 secs]2021-01-14T11:58:38.631-0800: 0.893: [class unloading, 0.0004565 secs]2021-01-14T11:58:38.631-0800: 0.894: [scrub symbol table, 0.0005668 secs]2021-01-14T11:58:38.632-0800: 0.894: [scrub string table, 0.0001676 secs][1 CMS-remark: 277302K(349568K)] 297613K(506816K), 0.0022481 secs] [Times: user=0.00 sys=0.00, real=0.00 secs] 
2021-01-14T11:58:38.632-0800: 0.895: [CMS-concurrent-sweep-start]
2021-01-14T11:58:38.634-0800: 0.896: [CMS-concurrent-sweep: 0.001/0.001 secs] [Times: user=0.00 sys=0.00, real=0.00 secs] 
2021-01-14T11:58:38.634-0800: 0.896: [CMS-concurrent-reset-start]
2021-01-14T11:58:38.634-0800: 0.897: [CMS-concurrent-reset: 0.000/0.000 secs] [Times: user=0.00 sys=0.00, real=0.00 secs] 
2021-01-14T11:58:38.662-0800: 0.924: [GC (Allocation Failure) 2021-01-14T11:58:38.662-0800: 0.924: [ParNew: 157068K->17471K(157248K), 0.0258457 secs] 433691K->338662K(506816K), 0.0259474 secs] [Times: user=0.04 sys=0.01, real=0.02 secs] 
2021-01-14T11:58:38.689-0800: 0.951: [GC (CMS Initial Mark) [1 CMS-initial-mark: 321191K(349568K)] 341849K(506816K), 0.0002443 secs] [Times: user=0.00 sys=0.00, real=0.00 secs] 
2021-01-14T11:58:38.689-0800: 0.952: [CMS-concurrent-mark-start]
2021-01-14T11:58:38.693-0800: 0.955: [CMS-concurrent-mark: 0.004/0.004 secs] [Times: user=0.00 sys=0.00, real=0.01 secs] 
2021-01-14T11:58:38.693-0800: 0.955: [CMS-concurrent-preclean-start]
2021-01-14T11:58:38.694-0800: 0.956: [CMS-concurrent-preclean: 0.001/0.001 secs] [Times: user=0.00 sys=0.00, real=0.00 secs] 
2021-01-14T11:58:38.694-0800: 0.957: [CMS-concurrent-abortable-preclean-start]
2021-01-14T11:58:38.694-0800: 0.957: [CMS-concurrent-abortable-preclean: 0.000/0.000 secs] [Times: user=0.00 sys=0.00, real=0.00 secs] 
2021-01-14T11:58:38.695-0800: 0.957: [GC (CMS Final Remark) [YG occupancy: 35328 K (157248 K)]2021-01-14T11:58:38.695-0800: 0.957: [Rescan (parallel) , 0.0011543 secs]2021-01-14T11:58:38.696-0800: 0.959: [weak refs processing, 0.0000264 secs]2021-01-14T11:58:38.696-0800: 0.959: [class unloading, 0.0002827 secs]2021-01-14T11:58:38.696-0800: 0.959: [scrub symbol table, 0.0003340 secs]2021-01-14T11:58:38.697-0800: 0.959: [scrub string table, 0.0001387 secs][1 CMS-remark: 321191K(349568K)] 356520K(506816K), 0.0020897 secs] [Times: user=0.01 sys=0.00, real=0.00 secs] 
2021-01-14T11:58:38.697-0800: 0.960: [CMS-concurrent-sweep-start]
2021-01-14T11:58:38.698-0800: 0.960: [CMS-concurrent-sweep: 0.001/0.001 secs] [Times: user=0.00 sys=0.00, real=0.00 secs] 
2021-01-14T11:58:38.698-0800: 0.961: [CMS-concurrent-reset-start]
2021-01-14T11:58:38.699-0800: 0.961: [CMS-concurrent-reset: 0.001/0.001 secs] [Times: user=0.00 sys=0.00, real=0.00 secs] 
2021-01-14T11:58:38.718-0800: 0.981: [GC (Allocation Failure) 2021-01-14T11:58:38.718-0800: 0.981: [ParNew: 156895K->17471K(157248K), 0.0128542 secs] 410372K->316363K(506816K), 0.0129475 secs] [Times: user=0.05 sys=0.00, real=0.02 secs] 
2021-01-14T11:58:38.732-0800: 0.994: [GC (CMS Initial Mark) [1 CMS-initial-mark: 298892K(349568K)] 317099K(506816K), 0.0001076 secs] [Times: user=0.00 sys=0.00, real=0.00 secs] 
2021-01-14T11:58:38.732-0800: 0.994: [CMS-concurrent-mark-start]
2021-01-14T11:58:38.734-0800: 0.997: [CMS-concurrent-mark: 0.003/0.003 secs] [Times: user=0.01 sys=0.00, real=0.00 secs] 
2021-01-14T11:58:38.734-0800: 0.997: [CMS-concurrent-preclean-start]
2021-01-14T11:58:38.735-0800: 0.997: [CMS-concurrent-preclean: 0.001/0.001 secs] [Times: user=0.00 sys=0.00, real=0.00 secs] 
2021-01-14T11:58:38.735-0800: 0.997: [CMS-concurrent-abortable-preclean-start]
2021-01-14T11:58:38.755-0800: 1.017: [GC (Allocation Failure) 2021-01-14T11:58:38.755-0800: 1.017: [ParNew: 157247K->157247K(157248K), 0.0000250 secs]2021-01-14T11:58:38.755-0800: 1.017: [CMS2021-01-14T11:58:38.755-0800: 1.017: [CMS-concurrent-abortable-preclean: 0.001/0.020 secs] [Times: user=0.02 sys=0.00, real=0.02 secs] 
 (concurrent mode failure): 298892K->290781K(349568K), 0.0513734 secs] 456139K->290781K(506816K), [Metaspace: 2707K->2707K(1056768K)], 0.0515236 secs] [Times: user=0.05 sys=0.00, real=0.05 secs] 
2021-01-14T11:58:38.830-0800: 1.093: [GC (Allocation Failure) 2021-01-14T11:58:38.830-0800: 1.093: [ParNew: 139569K->17470K(157248K), 0.0084231 secs] 430351K->331984K(506816K), 0.0085132 secs] [Times: user=0.03 sys=0.00, real=0.00 secs] 
2021-01-14T11:58:38.839-0800: 1.101: [GC (CMS Initial Mark) [1 CMS-initial-mark: 314513K(349568K)] 332272K(506816K), 0.0001701 secs] [Times: user=0.01 sys=0.00, real=0.00 secs] 
2021-01-14T11:58:38.839-0800: 1.102: [CMS-concurrent-mark-start]
Heap
 par new generation   total 157248K, used 23319K [0x00000007a0000000, 0x00000007aaaa0000, 0x00000007aaaa0000)
  eden space 139776K,   4% used [0x00000007a0000000, 0x00000007a05b6218, 0x00000007a8880000)
  from space 17472K,  99% used [0x00000007a8880000, 0x00000007a998fab8, 0x00000007a9990000)
  to   space 17472K,   0% used [0x00000007a9990000, 0x00000007a9990000, 0x00000007aaaa0000)
 concurrent mark-sweep generation total 349568K, used 314513K [0x00000007aaaa0000, 0x00000007c0000000, 0x00000007c0000000)
 Metaspace       used 2714K, capacity 4486K, committed 4864K, reserved 1056768K
  class space    used 296K, capacity 386K, committed 512K, reserved 1048576K
