Java HotSpot(TM) 64-Bit Server VM (25.77-b03) for bsd-amd64 JRE (1.8.0_77-b03), built on Mar 20 2016 22:14:03 by "java_re" with gcc 4.2.1 (Based on Apple Inc. build 5658) (LLVM build 2336.11.00)
Memory: 4k page, physical 8388608k(94856k free)

/proc/meminfo:

CommandLine flags: -XX:InitialHeapSize=134217728 -XX:MaxHeapSize=536870912 -XX:+PrintGC -XX:+PrintGCDateStamps -XX:+PrintGCDetails -XX:+PrintGCTimeStamps -XX:+UseCompressedClassPointers -XX:+UseCompressedOops -XX:+UseSerialGC 
2021-01-14T11:57:41.143-0800: 0.135: [GC (Allocation Failure) 2021-01-14T11:57:41.143-0800: 0.135: [DefNew: 34944K->4352K(39296K), 0.0104011 secs] 34944K->12016K(126720K), 0.0105511 secs] [Times: user=0.01 sys=0.01, real=0.01 secs] 
2021-01-14T11:57:41.163-0800: 0.156: [GC (Allocation Failure) 2021-01-14T11:57:41.164-0800: 0.156: [DefNew: 38705K->4347K(39296K), 0.0146771 secs] 46370K->27295K(126720K), 0.0147741 secs] [Times: user=0.01 sys=0.01, real=0.01 secs] 
2021-01-14T11:57:41.188-0800: 0.180: [GC (Allocation Failure) 2021-01-14T11:57:41.188-0800: 0.180: [DefNew: 39291K->4342K(39296K), 0.0133099 secs] 62239K->38609K(126720K), 0.0134349 secs] [Times: user=0.01 sys=0.00, real=0.02 secs] 
2021-01-14T11:57:41.211-0800: 0.204: [GC (Allocation Failure) 2021-01-14T11:57:41.211-0800: 0.204: [DefNew: 39286K->4337K(39296K), 0.0101636 secs] 73553K->48812K(126720K), 0.0102624 secs] [Times: user=0.02 sys=0.01, real=0.01 secs] 
2021-01-14T11:57:41.231-0800: 0.223: [GC (Allocation Failure) 2021-01-14T11:57:41.231-0800: 0.223: [DefNew: 39275K->4346K(39296K), 0.0098720 secs] 83750K->60863K(126720K), 0.0099672 secs] [Times: user=0.00 sys=0.00, real=0.01 secs] 
2021-01-14T11:57:41.249-0800: 0.242: [GC (Allocation Failure) 2021-01-14T11:57:41.249-0800: 0.242: [DefNew: 38999K->4344K(39296K), 0.0078906 secs] 95516K->70485K(126720K), 0.0080029 secs] [Times: user=0.00 sys=0.01, real=0.01 secs] 
2021-01-14T11:57:41.266-0800: 0.258: [GC (Allocation Failure) 2021-01-14T11:57:41.266-0800: 0.258: [DefNew: 39193K->4351K(39296K), 0.0109014 secs] 105335K->82791K(126720K), 0.0109943 secs] [Times: user=0.01 sys=0.00, real=0.01 secs] 
2021-01-14T11:57:41.285-0800: 0.277: [GC (Allocation Failure) 2021-01-14T11:57:41.285-0800: 0.277: [DefNew: 39295K->4349K(39296K), 0.0155001 secs]2021-01-14T11:57:41.300-0800: 0.293: [Tenured: 91653K->91524K(91672K), 0.0124135 secs] 117735K->93363K(130968K), [Metaspace: 2707K->2707K(1056768K)], 0.0282151 secs] [Times: user=0.05 sys=0.01, real=0.03 secs] 
2021-01-14T11:57:41.333-0800: 0.326: [GC (Allocation Failure) 2021-01-14T11:57:41.333-0800: 0.326: [DefNew: 61056K->7615K(68672K), 0.0202780 secs] 152580K->115122K(221216K), 0.0203840 secs] [Times: user=0.01 sys=0.01, real=0.02 secs] 
2021-01-14T11:57:41.369-0800: 0.362: [GC (Allocation Failure) 2021-01-14T11:57:41.369-0800: 0.362: [DefNew: 68560K->7613K(68672K), 0.0260962 secs] 176068K->137925K(221216K), 0.0261950 secs] [Times: user=0.01 sys=0.02, real=0.03 secs] 
2021-01-14T11:57:41.407-0800: 0.399: [GC (Allocation Failure) 2021-01-14T11:57:41.407-0800: 0.399: [DefNew: 68212K->7615K(68672K), 0.0186106 secs] 198524K->159807K(221216K), 0.0187091 secs] [Times: user=0.01 sys=0.00, real=0.02 secs] 
2021-01-14T11:57:41.437-0800: 0.429: [GC (Allocation Failure) 2021-01-14T11:57:41.437-0800: 0.429: [DefNew: 68671K->7615K(68672K), 0.0163226 secs]2021-01-14T11:57:41.453-0800: 0.446: [Tenured: 169679K->160339K(169748K), 0.0290368 secs] 220863K->160339K(238420K), [Metaspace: 2707K->2707K(1056768K)], 0.0458538 secs] [Times: user=0.04 sys=0.01, real=0.05 secs] 
2021-01-14T11:57:41.519-0800: 0.511: [GC (Allocation Failure) 2021-01-14T11:57:41.519-0800: 0.511: [DefNew: 106973K->13311K(120320K), 0.0252766 secs] 267312K->196963K(387552K), 0.0253756 secs] [Times: user=0.01 sys=0.01, real=0.03 secs] 
2021-01-14T11:57:41.566-0800: 0.559: [GC (Allocation Failure) 2021-01-14T11:57:41.566-0800: 0.559: [DefNew: 120319K->13308K(120320K), 0.0368018 secs] 303971K->229456K(387552K), 0.0368938 secs] [Times: user=0.02 sys=0.02, real=0.04 secs] 
2021-01-14T11:57:41.623-0800: 0.615: [GC (Allocation Failure) 2021-01-14T11:57:41.623-0800: 0.615: [DefNew: 120316K->13311K(120320K), 0.0414094 secs] 336464K->267136K(387552K), 0.0415037 secs] [Times: user=0.02 sys=0.02, real=0.04 secs] 
2021-01-14T11:57:41.684-0800: 0.676: [GC (Allocation Failure) 2021-01-14T11:57:41.684-0800: 0.676: [DefNew: 120319K->13308K(120320K), 0.0287467 secs]2021-01-14T11:57:41.713-0800: 0.705: [Tenured: 283971K->230522K(284136K), 0.0449845 secs] 374144K->230522K(404456K), [Metaspace: 2707K->2707K(1056768K)], 0.0740562 secs] [Times: user=0.06 sys=0.01, real=0.07 secs] 
2021-01-14T11:57:41.783-0800: 0.776: [GC (Allocation Failure) 2021-01-14T11:57:41.783-0800: 0.776: [DefNew: 139656K->17471K(157248K), 0.0203944 secs] 370179K->274196K(506816K), 0.0205074 secs] [Times: user=0.02 sys=0.01, real=0.02 secs] 
2021-01-14T11:57:41.828-0800: 0.820: [GC (Allocation Failure) 2021-01-14T11:57:41.828-0800: 0.820: [DefNew: 157081K->17469K(157248K), 0.0389804 secs] 413805K->322222K(506816K), 0.0390846 secs] [Times: user=0.02 sys=0.01, real=0.04 secs] 
2021-01-14T11:57:41.893-0800: 0.886: [GC (Allocation Failure) 2021-01-14T11:57:41.893-0800: 0.886: [DefNew: 157245K->157245K(157248K), 0.0000331 secs]2021-01-14T11:57:41.893-0800: 0.886: [Tenured: 304752K->268234K(349568K), 0.0510278 secs] 461998K->268234K(506816K), [Metaspace: 2707K->2707K(1056768K)], 0.0511811 secs] [Times: user=0.05 sys=0.00, real=0.05 secs] 
2021-01-14T11:57:41.969-0800: 0.962: [GC (Allocation Failure) 2021-01-14T11:57:41.969-0800: 0.962: [DefNew: 139776K->17471K(157248K), 0.0084126 secs] 408010K->314843K(506816K), 0.0085045 secs] [Times: user=0.01 sys=0.00, real=0.01 secs] 
2021-01-14T11:57:42.001-0800: 0.994: [GC (Allocation Failure) 2021-01-14T11:57:42.001-0800: 0.994: [DefNew: 157247K->17471K(157248K), 0.0365487 secs] 454619K->361200K(506816K), 0.0366620 secs] [Times: user=0.02 sys=0.01, real=0.03 secs] 
2021-01-14T11:57:42.063-0800: 1.055: [GC (Allocation Failure) 2021-01-14T11:57:42.063-0800: 1.055: [DefNew: 157236K->157236K(157248K), 0.0000303 secs]2021-01-14T11:57:42.063-0800: 1.055: [Tenured: 343728K->326012K(349568K), 0.0522563 secs] 500965K->326012K(506816K), [Metaspace: 2707K->2707K(1056768K)], 0.0524131 secs] [Times: user=0.05 sys=0.00, real=0.05 secs] 
Heap
 def new generation   total 157248K, used 5646K [0x00000007a0000000, 0x00000007aaaa0000, 0x00000007aaaa0000)
  eden space 139776K,   4% used [0x00000007a0000000, 0x00000007a0583830, 0x00000007a8880000)
  from space 17472K,   0% used [0x00000007a8880000, 0x00000007a8880000, 0x00000007a9990000)
  to   space 17472K,   0% used [0x00000007a9990000, 0x00000007a9990000, 0x00000007aaaa0000)
 tenured generation   total 349568K, used 326012K [0x00000007aaaa0000, 0x00000007c0000000, 0x00000007c0000000)
   the space 349568K,  93% used [0x00000007aaaa0000, 0x00000007be8ff1f8, 0x00000007be8ff200, 0x00000007c0000000)
 Metaspace       used 2714K, capacity 4486K, committed 4864K, reserved 1056768K
  class space    used 296K, capacity 386K, committed 512K, reserved 1048576K
